// Jest Snapshot v1, https://goo.gl/fbAQLP

exports[`<Register /> matches snapshot 1`] = `
<Fragment>
  <div
    className="row"
  >
    <div
      className="col-md-4"
    />
    <div
      className="col-md-4"
    >
      <div
        className="card"
      >
        <form
          id="signup-form"
        >
          <input
            className="form-control input-field"
            id="lastname"
            placeholder="lastname"
            type="text"
          />
          <input
            className="form-control input-field"
            id="firstname"
            placeholder="firstname"
            type="text"
          />
          <input
            className="form-control input-field"
            id="email"
            placeholder="email"
            type="text"
          />
          <input
            className="form-control input-field"
            id="password"
            placeholder="password"
            type="password"
          />
          <button
            className="signup-btn"
            type="submit"
          >
            Signup
          </button>
          <p
            className="have-an-account"
          >
            Already have an account!
            <Link
              to="/login"
            >
              Login
            </Link>
          </p>
        </form>
      </div>
    </div>
    <div
      className="col-md-4"
    />
  </div>
</Fragment>
`;
